// Jest Snapshot v1, https://goo.gl/fbAQLP

exports[`renders AuthLoading correctly 1`] = `
<View
  style={
    Array [
      Object {
        "backgroundColor": "#FFF",
        "flexBasis": 0,
        "flexGrow": 1,
        "flexShrink": 1,
        "marginTop": 20,
      },
    ]
  }
>
  <ActivityIndicator
    animating={true}
    color="#999999"
    hidesWhenStopped={true}
    size="small"
  />
</View>
`;
