// Jest Snapshot v1, https://goo.gl/fbAQLP

exports[`<Box /> should render with more cases 1`] = `
<emotion(View)>
  <View
    style={Object {}}
  >
    <View
      style={Object {}}
    >
      <emotion(View)
        size="6"
      >
        <View
          size="6"
          style={
            Object {
              "height": "6",
              "width": "6",
            }
          }
        >
          <View
            size="6"
            style={
              Object {
                "height": "6",
                "width": "6",
              }
            }
          />
        </View>
      </emotion(View)>
      <emotion(View)
        p="4"
      >
        <View
          p="4"
          style={
            Object {
              "padding": 32,
            }
          }
        >
          <View
            p="4"
            style={
              Object {
                "padding": 32,
              }
            }
          />
        </View>
      </emotion(View)>
      <emotion(View)
        m="2"
      >
        <View
          m="2"
          style={
            Object {
              "margin": 8,
            }
          }
        >
          <View
            m="2"
            style={
              Object {
                "margin": 8,
              }
            }
          />
        </View>
      </emotion(View)>
    </View>
  </View>
</emotion(View)>
`;
